<html>
<body>
<pre>
<h1>µVision Build Log</h1>
<h2>Project:</h2>
C:\Documents and Settings\Owner\×ÀÃæ\TEST\USER\test1.1.uvproj
Project File Date:  11/27/2011

<h2>Output:</h2>
Build target 'Target 1'
linking...
Program Size: Code=1256 RO-data=252 RW-data=0 ZI-data=608  
".\Obj\test1.1.axf" - 0 Error(s), 0 Warning(s).
compiling main.c...
main.c(15): warning:  #1-D: last line of file ends without a newline
main.c - 0 Error(s), 1 Warning(s).
Build target 'Target 1'
compiling main.c...
main.c(14): warning:  #1-D: last line of file ends without a newline
linking...
Program Size: Code=1256 RO-data=252 RW-data=0 ZI-data=608  
".\Obj\test1.1.axf" - 0 Error(s), 1 Warning(s).
Build target 'Target 1'
assembling STM32F10x.s...
compiling delay.c...
compiling sys.c...
compiling LED.c...
compiling main.c...
main.c(14): warning:  #1-D: last line of file ends without a newline
linking...
Program Size: Code=1256 RO-data=252 RW-data=0 ZI-data=608  
".\Obj\test1.1.axf" - 0 Error(s), 1 Warning(s).
compiling main.c...
main.c(14): warning:  #1-D: last line of file ends without a newline
main.c - 0 Error(s), 1 Warning(s).
Load "C:\\Documents and Settings\\Owner\\×ÀÃæ\\TEST\\USER\\Obj\\test1.1" 
_____^
*** error 56: cannot open file
Build target 'Target 1'
linking...
Program Size: Code=1256 RO-data=252 RW-data=0 ZI-data=608  
".\Obj\test1.axf" - 0 Error(s), 0 Warning(s).
Build target 'Target 1'
assembling STM32F10x.s...
compiling delay.c...
compiling sys.c...
compiling LED.c...
compiling main.c...
main.c(14): warning:  #1-D: last line of file ends without a newline
linking...
Program Size: Code=1256 RO-data=252 RW-data=0 ZI-data=608  
".\Obj\test1.axf" - 0 Error(s), 1 Warning(s).
compiling main.c...
main.c(14): warning:  #1-D: last line of file ends without a newline
main.c - 0 Error(s), 1 Warning(s).
